table_create Tags TABLE_HASH_KEY ShortText
[[0,0.0,0.0],true]
table_create Data TABLE_NO_KEY
[[0,0.0,0.0],true]
column_create Data tags COLUMN_VECTOR|WITH_WEIGHT|MISSING_NIL|INVALID_WARN Tags
[[0,0.0,0.0],true]
load --table Tags
[
{"_key": "existent1"},
{"_key": "existent2"}
]
[[0,0.0,0.0],2]
load --table Data
[
{"tags": {"existent1": 1, "nonexistent": 2, "existent2": 3}}
]
[[0,0.0,0.0],1]
#|w| <Data.tags>: failed to cast to <Tags>: <"nonexistent">
dump
table_create Data TABLE_NO_KEY

table_create Tags TABLE_HASH_KEY ShortText

column_create Data tags COLUMN_VECTOR|WITH_WEIGHT|MISSING_NIL|INVALID_WARN Tags

load --table Tags
[
["_key"],
["existent1"],
["existent2"]
]

load --table Data
[
["_id","tags"],
[1,{"existent1":1,"":2,"existent2":3}]
]
