normalize   'NormalizerNFKC("unify_kana_prolonged_sound_mark", true,                   "unify_katakana_trailing_o", true,                   "report_source_offset", true,                   "version", "NFKC_VERSION")'   "オー"   WITH_CHECKS|WITH_TYPES
[
  [
    0,
    0.0,
    0.0
  ],
  {
    "normalized": "オウ",
    "types": [
      "katakana",
      "katakana",
      "null"
    ],
    "checks": [
      3,
      0,
      0,
      3,
      0,
      0
    ],
    "offsets": [
      0,
      3,
      6
    ]
  }
]
