table_create Memos TABLE_NO_KEY
[[0,0.0,0.0],true]
column_create Memos content COLUMN_SCALAR Text
[[0,0.0,0.0],true]
load --table Memos
[
{"content": "a b c a"},
{"content": "c b c"},
{"content": "b b a"},
{"content": "a c c"},
{"content": "a"}
]
[[0,0.0,0.0],5]
table_create Tokens TABLE_PAT_KEY ShortText   --normalizer NormalizerNFKC121   --default_tokenizer TokenNgram
[[0,0.0,0.0],true]
column_create Tokens memos_content COLUMN_INDEX|WITH_POSITION Memos content
[[0,0.0,0.0],true]
table_create Terms TABLE_PAT_KEY ShortText   --normalizer NormalizerNFKC121   --default_tokenizer TokenNgram
[[0,0.0,0.0],true]
column_create Memos content_tokens COLUMN_VECTOR Terms content
[[0,0.0,0.0],true]
table_create DocumentVectorTFIDF TABLE_HASH_KEY Tokens   --default_tokenizer     'TokenDocumentVectorTFIDF("index_column", "memos_content",                               "df_column", "df")'
[[0,0.0,0.0],true]
column_create DocumentVectorTFIDF df COLUMN_SCALAR UInt32
[[0,0.0,0.0],true]
log_level --level debug
[[0,0.0,0.0],true]
column_create Memos content_feature COLUMN_VECTOR|WITH_WEIGHT|WEIGHT_FLOAT32   DocumentVectorTFIDF content
[[0,0.0,0.0],true]
log_level --level notice
[[0,0.0,0.0],true]
select Memos
[
  [
    0,
    0.0,
    0.0
  ],
  [
    [
      [
        5
      ],
      [
        [
          "_id",
          "UInt32"
        ],
        [
          "content",
          "Text"
        ],
        [
          "content_feature",
          "DocumentVectorTFIDF"
        ],
        [
          "content_tokens",
          "Terms"
        ]
      ],
      [
        1,
        "a b c a",
        {
          "a": 0.5255685,
          "b": 0.601572,
          "c": 0.601572
        },
        [
          "a",
          "b",
          "c",
          "a"
        ]
      ],
      [
        2,
        "c b c",
        {
          "c": 0.8944272,
          "b": 0.4472136
        },
        [
          "c",
          "b",
          "c"
        ]
      ],
      [
        3,
        "b b a",
        {
          "b": 0.9769684,
          "a": 0.2133842
        },
        [
          "b",
          "b",
          "a"
        ]
      ],
      [
        4,
        "a c c",
        {
          "a": 0.2133842,
          "c": 0.9769684
        },
        [
          "a",
          "c",
          "c"
        ]
      ],
      [
        5,
        "a",
        {
          "a": 1.0
        },
        [
          "a"
        ]
      ]
    ]
  ]
]
select DocumentVectorTFIDF --output_columns _id,_key,df
[
  [
    0,
    0.0,
    0.0
  ],
  [
    [
      [
        3
      ],
      [
        [
          "_id",
          "UInt32"
        ],
        [
          "_key",
          "ShortText"
        ],
        [
          "df",
          "UInt32"
        ]
      ],
      [
        1,
        "a",
        4
      ],
      [
        2,
        "b",
        3
      ],
      [
        3,
        "c",
        3
      ]
    ]
  ]
]
