table_create Entries TABLE_NO_KEY
[[0,0.0,0.0],true]
column_create Entries tags COLUMN_VECTOR ShortText
[[0,0.0,0.0],true]
load --table Entries
[
{"tags": ["A", "B"]}
]
[[0,0.0,0.0],1]
select Entries   --output_columns '_id, ["X", "Y"] + tags'  --command_version 3
{
  "header": {
    "return_code": 0,
    "start_time": 0.0,
    "elapsed_time": 0.0
  },
  "body": {
    "n_hits": 1,
    "columns": [
      {
        "name": "_id",
        "type": "UInt32"
      },
      {
        "name": "([{\"value\":\"X\", \"weight\":0.0}, {\"value\":\"Y\", \"weight\":0.0}] + tags)",
        "type": "Text"
      }
    ],
    "records": [
      [
        1,
        [
          "X",
          "Y",
          "A",
          "B"
        ]
      ]
    ]
  }
}
