table_create Terms TABLE_PAT_KEY ShortText --normalizers NormalizerNFKC150
[[0,0.0,0.0],true]
column_create Terms expansions COLUMN_VECTOR ShortText
[[0,0.0,0.0],true]
load --table Terms
[
{"_key": "PGroonga", "expansions": ["PGroonga", "\"Groonga PostgreSQL\""]},
{"_key": "Rroonga",  "expansions": ["Rroonga", "\"Ruby Groonga\""]}
]
[[0,0.0,0.0],2]
query_expand   Terms.expansions   '*ONPP"(Groonga) (Rroonga) (Mroonga)"'
[[0,0.0,0.0],"*ONPP\"(Groonga) (Rroonga \\\"Ruby Groonga\\\") (Mroonga)\""]
