table_create Products TABLE_PAT_KEY ShortText
[[0,0.0,0.0],true]
table_create Purchases TABLE_NO_KEY
[[0,0.0,0.0],true]
column_create Purchases product COLUMN_SCALAR Products
[[0,0.0,0.0],true]
column_create Purchases tag COLUMN_SCALAR ShortText
[[0,0.0,0.0],true]
column_create Products purchases COLUMN_INDEX Purchases product
[[0,0.0,0.0],true]
load --table Products
[
{"_key": "apple"},
{"_key": "banana"},
{"_key": "cacao"}
]
[[0,0.0,0.0],3]
load --table Purchases
[
{"product": "apple",  "tag": "man"},
{"product": "banana", "tag": "man"},
{"product": "cacao",  "tag": "woman"},
{"product": "apple",  "tag": "many"}
]
[[0,0.0,0.0],4]
select Products   --output_columns _key,purchases.tag
[
  [
    0,
    0.0,
    0.0
  ],
  [
    [
      [
        3
      ],
      [
        [
          "_key",
          "ShortText"
        ],
        [
          "purchases.tag",
          "ShortText"
        ]
      ],
      [
        "apple",
        [
          "man",
          "many"
        ]
      ],
      [
        "banana",
        [
          "man"
        ]
      ],
      [
        "cacao",
        [
          "woman"
        ]
      ]
    ]
  ]
]
