normalize NormalizerNFKC130 "©" WITH_TYPES
[[0,0.0,0.0],{"normalized":"©","types":["emoji"],"checks":[]}]
