normalize   'NormalizerNFKC130("unify_prolonged_sound_mark", true)'   "ー—―─━ｰ"   WITH_TYPES
[
  [
    0,
    0.0,
    0.0
  ],
  {
    "normalized": "ーーーーーー",
    "types": [
      "katakana",
      "katakana",
      "katakana",
      "katakana",
      "katakana",
      "katakana"
    ],
    "checks": [

    ]
  }
]
