table_create Terms TABLE_PAT_KEY ShortText --normalizers NormalizerNFKC150
[[0,0.0,0.0],true]
column_create Terms expansion COLUMN_SCALAR ShortText
[[0,0.0,0.0],true]
load --table Terms
[
{"_key": "PGroonga", "expansion": "PGroonga \"Groonga PostgreSQL\""},
{"_key": "Rroonga",  "expansion": "Ruby \"Ruby Groonga\""}
]
[[0,0.0,0.0],2]
query_expand   Terms.expansion   '*NPP"(Groonga) (Rroonga) (Mroonga)"'
[[0,0.0,0.0],"*NPP\"(Groonga) (Ruby \\\"Ruby Groonga\\\") (Mroonga)\""]
