plugin_register functions/number
[[0,0.0,0.0],true]
table_create Data TABLE_NO_KEY
[[0,0.0,0.0],true]
column_create Data value COLUMN_SCALAR Int16
[[0,0.0,0.0],true]
load --table Data
[
{"value": 11},
{"value": -11}
]
[[0,0.0,0.0],2]
select Data --output_columns 'number_round(value)'
[[0,0.0,0.0],[[[2],[["number_round",null]],[11],[-11]]]]
select Data --output_columns 'number_round(value, -1)'
[[0,0.0,0.0],[[[2],[["number_round",null]],[10],[-10]]]]
