table_create array TABLE_NO_KEY
[[0,0.0,0.0],true]
column_create array index COLUMN_SCALAR UInt32
[[0,0.0,0.0],true]
load --table array
[
{"index": 1},
{"index": 2},
{"index": 3},
{"index": 4},
{"index": 5},
{"index": 6},
{"index": 7}
]
[[0,0.0,0.0],7]
delete array --filter true
[[0,0.0,0.0],true]
load --table array
[
{"index": 8},
{"index": 9},
{"index": 10},
{"index": 11},
{"index": 12},
{"index": 13},
{"index": 14}
]
[[0,0.0,0.0],7]
select array
[
  [
    0,
    0.0,
    0.0
  ],
  [
    [
      [
        7
      ],
      [
        [
          "_id",
          "UInt32"
        ],
        [
          "index",
          "UInt32"
        ]
      ],
      [
        1,
        9
      ],
      [
        2,
        10
      ],
      [
        3,
        11
      ],
      [
        4,
        12
      ],
      [
        5,
        13
      ],
      [
        6,
        8
      ],
      [
        8,
        14
      ]
    ]
  ]
]
