table_create Tags TABLE_HASH_KEY ShortText --normalizer NormalizerAuto
[[0,0.0,0.0],true]
table_create Data TABLE_NO_KEY
[[0,0.0,0.0],true]
column_create Data tags COLUMN_VECTOR|MISSING_ADD Tags
[[0,0.0,0.0],true]
load --table Tags
[
{"_key": "existent"}
]
[[0,0.0,0.0],1]
load --table Data
[
{"tags": ["existent", "\n", "nonexistent"]}
]
[[0,0.0,0.0],1]
dump
table_create Data TABLE_NO_KEY

table_create Tags TABLE_HASH_KEY ShortText --normalizer NormalizerAuto

column_create Data tags COLUMN_VECTOR Tags

load --table Tags
[
["_key"],
["existent"],
["nonexistent"]
]

load --table Data
[
["_id","tags"],
[1,["existent","","nonexistent"]]
]
