tokenize TokenDelimit "aBcDe 123" NormalizerAuto UNKNOWN
[
  [
    [
      -22,
      0.0,
      0.0
    ],
    "[tokenize][flags] token cursor flag must be one of them: [\"ENABLE_TOKENIZED_DELIMITER\", \"NONE\"]: <UNKNOWN>"
  ]
]
#|e| [tokenize][flags] token cursor flag must be one of them: ["ENABLE_TOKENIZED_DELIMITER", "NONE"]: <UNKNOWN>
