table_create Memos TABLE_PAT_KEY ShortText
[[0,0.0,0.0],true]
column_create Memos content COLUMN_SCALAR ShortText
[[0,0.0,0.0],true]
table_create Terms TABLE_PAT_KEY ShortText   --default_tokenizer TokenBigram   --normalizer NormalizerAuto
[[0,0.0,0.0],true]
column_create Terms memos_content COLUMN_INDEX|WITH_POSITION Memos content
[[0,0.0,0.0],true]
load --table Memos
[
{"_key":"alphabets1", "content": "a b c d e . g"},
{"_key":"alphabets2", "content": "a b c d e f g . h"},
{"_key":"alphabets3", "content": "a b c d e f x g . h"}
]
[[0,0.0,0.0],3]
select   --table Memos   --match_columns content   --query '*NP3"e g .$"'   --output_columns _score,_key,content
[
  [
    0,
    0.0,
    0.0
  ],
  [
    [
      [
        1
      ],
      [
        [
          "_score",
          "Int32"
        ],
        [
          "_key",
          "ShortText"
        ],
        [
          "content",
          "ShortText"
        ]
      ],
      [
        1,
        "alphabets2",
        "a b c d e f g . h"
      ]
    ]
  ]
]
