table_create Memos TABLE_NO_KEY
[[0,0.0,0.0],true]
column_create Memos content COLUMN_SCALAR ShortText
[[0,0.0,0.0],true]
table_create Lexicon TABLE_PAT_KEY ShortText   --normalizer NormalizerAuto   --default_tokenizer TokenBigram
[[0,0.0,0.0],true]
column_create Lexicon memos_content COLUMN_INDEX|WITH_POSITION Memos content
[[0,0.0,0.0],true]
load --table Memos
[
["content"],
["Start Groonga!"],
["Start Mroonga!"],
["Start Rroonga!"],
["Start Ruby!"],
["Learning Ruby and Groonga..."]
]
[[0,0.0,0.0],5]
select   --table Memos   --filter 'query("content", "rroonga content:@rroonga",                   {"expander": {"rroonga": "Ruby groonga"}})'
[
  [
    0,
    0.0,
    0.0
  ],
  [
    [
      [
        1
      ],
      [
        [
          "_id",
          "UInt32"
        ],
        [
          "content",
          "ShortText"
        ]
      ],
      [
        5,
        "Learning Ruby and Groonga..."
      ]
    ]
  ]
]
