normalize   'NormalizerNFKC("unify_latin_alphabet_with", true,                   "version", "NFKC_VERSION")'   "ĜĝĞğĠġĢģ"   WITH_TYPES
[
  [
    0,
    0.0,
    0.0
  ],
  {
    "normalized": "gggggggg",
    "types": [
      "alpha",
      "alpha",
      "alpha",
      "alpha",
      "alpha",
      "alpha",
      "alpha",
      "alpha",
      "null"
    ],
    "checks": []
  }
]
