normalize   'NormalizerNFKC("unify_kana", true,                   "version", "NFKC_VERSION")'   "あイｳｪおざジたチなニぱピまミヽヾ"   WITH_TYPES
[
  [
    0,
    0.0,
    0.0
  ],
  {
    "normalized": "あいうぇおざじたちなにぱぴまみゝゞ",
    "types": [
      "hiragana",
      "hiragana",
      "hiragana",
      "hiragana",
      "hiragana",
      "hiragana",
      "hiragana",
      "hiragana",
      "hiragana",
      "hiragana",
      "hiragana",
      "hiragana",
      "hiragana",
      "hiragana",
      "hiragana",
      "hiragana",
      "hiragana",
      "null"
    ],
    "checks": []
  }
]
