plugin_register tokenizers/h3_index
[[0,0.0,0.0],true]
table_create H3Indexes TABLE_PAT_KEY UInt64   --default_tokenizer 'TokenH3Index("resolution", 8)'
[[0,0.0,0.0],true]
table_create Locations TABLE_PAT_KEY ShortText
[[0,0.0,0.0],true]
column_create Locations location COLUMN_SCALAR WGS84GeoPoint
[[0,0.0,0.0],true]
load --table Locations
[
{"_key": "ClearCode: 35.80460x139.45649", "location": "35.80460x139.45649"},
{"_key": "Shin Tokorozawa: 35.80747x139.45602", "location": "35.80747x139.45602"},
{"_key": "Koku koen: 35.79841x139.46573", "location": "35.79841x139.46573"}
]
[[0,0.0,0.0],3]
column_create H3Indexes locations_location COLUMN_INDEX Locations location
[[0,0.0,0.0],true]
select Locations --filter 'location @ "35.80460x139.45649"'
[
  [
    0,
    0.0,
    0.0
  ],
  [
    [
      [
        2
      ],
      [
        [
          "_id",
          "UInt32"
        ],
        [
          "_key",
          "ShortText"
        ],
        [
          "location",
          "WGS84GeoPoint"
        ]
      ],
      [
        1,
        "ClearCode: 35.80460x139.45649",
        "128896560x502043364"
      ],
      [
        2,
        "Shin Tokorozawa: 35.80747x139.45602",
        "128906892x502041672"
      ]
    ]
  ]
]
